// Jest Snapshot v1, https://goo.gl/fbAQLP

exports[`should render startEditExpense 1`] = `
ShallowWrapper {
  "length": 1,
  Symbol(enzyme.__root__): [Circular],
  Symbol(enzyme.__unrendered__): <EditExpensePage
    expense={
        Object {
            "amount": 4500,
            "createdAt": 345600000,
            "description": "Credit Card",
            "id": "3",
            "note": "",
          }
    }
    history={
        Object {
            "push": [Function],
          }
    }
    startEditExpense={[Function]}
    startRemoveExpense={[Function]}
/>,
  Symbol(enzyme.__renderer__): Object {
    "batchedUpdates": [Function],
    "getNode": [Function],
    "render": [Function],
    "simulateEvent": [Function],
    "unmount": [Function],
  },
  Symbol(enzyme.__node__): Object {
    "instance": null,
    "key": undefined,
    "nodeType": "host",
    "props": Object {
      "children": Array [
        <div
          className="page-header"
>
          <div
                    className="content-container"
          >
                    <h1
                              className="page-header__title"
                    >
                              Edit Expense
                    </h1>
          </div>
</div>,
        <div
          className="content-container"
>
          <ExpensForm
                    expense={
                              Object {
                                        "amount": 4500,
                                        "createdAt": 345600000,
                                        "description": "Credit Card",
                                        "id": "3",
                                        "note": "",
                                      }
                    }
                    onSubmit={[Function]}
          />
          <button
                    className="button--secondary"
                    onClick={[Function]}
          >
                    Remove Expense
          </button>
</div>,
      ],
    },
    "ref": null,
    "rendered": Array [
      Object {
        "instance": null,
        "key": undefined,
        "nodeType": "host",
        "props": Object {
          "children": <div
            className="content-container"
>
            <h1
                        className="page-header__title"
            >
                        Edit Expense
            </h1>
</div>,
          "className": "page-header",
        },
        "ref": null,
        "rendered": Object {
          "instance": null,
          "key": undefined,
          "nodeType": "host",
          "props": Object {
            "children": <h1
              className="page-header__title"
>
              Edit Expense
</h1>,
            "className": "content-container",
          },
          "ref": null,
          "rendered": Object {
            "instance": null,
            "key": undefined,
            "nodeType": "host",
            "props": Object {
              "children": "Edit Expense",
              "className": "page-header__title",
            },
            "ref": null,
            "rendered": "Edit Expense",
            "type": "h1",
          },
          "type": "div",
        },
        "type": "div",
      },
      Object {
        "instance": null,
        "key": undefined,
        "nodeType": "host",
        "props": Object {
          "children": Array [
            <ExpensForm
              expense={
                            Object {
                                          "amount": 4500,
                                          "createdAt": 345600000,
                                          "description": "Credit Card",
                                          "id": "3",
                                          "note": "",
                                        }
              }
              onSubmit={[Function]}
/>,
            <button
              className="button--secondary"
              onClick={[Function]}
>
              Remove Expense
</button>,
          ],
          "className": "content-container",
        },
        "ref": null,
        "rendered": Array [
          Object {
            "instance": null,
            "key": undefined,
            "nodeType": "class",
            "props": Object {
              "expense": Object {
                "amount": 4500,
                "createdAt": 345600000,
                "description": "Credit Card",
                "id": "3",
                "note": "",
              },
              "onSubmit": [Function],
            },
            "ref": null,
            "rendered": null,
            "type": [Function],
          },
          Object {
            "instance": null,
            "key": undefined,
            "nodeType": "host",
            "props": Object {
              "children": "Remove Expense",
              "className": "button--secondary",
              "onClick": [Function],
            },
            "ref": null,
            "rendered": "Remove Expense",
            "type": "button",
          },
        ],
        "type": "div",
      },
    ],
    "type": "div",
  },
  Symbol(enzyme.__nodes__): Array [
    Object {
      "instance": null,
      "key": undefined,
      "nodeType": "host",
      "props": Object {
        "children": Array [
          <div
            className="page-header"
>
            <div
                        className="content-container"
            >
                        <h1
                                    className="page-header__title"
                        >
                                    Edit Expense
                        </h1>
            </div>
</div>,
          <div
            className="content-container"
>
            <ExpensForm
                        expense={
                                    Object {
                                                "amount": 4500,
                                                "createdAt": 345600000,
                                                "description": "Credit Card",
                                                "id": "3",
                                                "note": "",
                                              }
                        }
                        onSubmit={[Function]}
            />
            <button
                        className="button--secondary"
                        onClick={[Function]}
            >
                        Remove Expense
            </button>
</div>,
        ],
      },
      "ref": null,
      "rendered": Array [
        Object {
          "instance": null,
          "key": undefined,
          "nodeType": "host",
          "props": Object {
            "children": <div
              className="content-container"
>
              <h1
                            className="page-header__title"
              >
                            Edit Expense
              </h1>
</div>,
            "className": "page-header",
          },
          "ref": null,
          "rendered": Object {
            "instance": null,
            "key": undefined,
            "nodeType": "host",
            "props": Object {
              "children": <h1
                className="page-header__title"
>
                Edit Expense
</h1>,
              "className": "content-container",
            },
            "ref": null,
            "rendered": Object {
              "instance": null,
              "key": undefined,
              "nodeType": "host",
              "props": Object {
                "children": "Edit Expense",
                "className": "page-header__title",
              },
              "ref": null,
              "rendered": "Edit Expense",
              "type": "h1",
            },
            "type": "div",
          },
          "type": "div",
        },
        Object {
          "instance": null,
          "key": undefined,
          "nodeType": "host",
          "props": Object {
            "children": Array [
              <ExpensForm
                expense={
                                Object {
                                                "amount": 4500,
                                                "createdAt": 345600000,
                                                "description": "Credit Card",
                                                "id": "3",
                                                "note": "",
                                              }
                }
                onSubmit={[Function]}
/>,
              <button
                className="button--secondary"
                onClick={[Function]}
>
                Remove Expense
</button>,
            ],
            "className": "content-container",
          },
          "ref": null,
          "rendered": Array [
            Object {
              "instance": null,
              "key": undefined,
              "nodeType": "class",
              "props": Object {
                "expense": Object {
                  "amount": 4500,
                  "createdAt": 345600000,
                  "description": "Credit Card",
                  "id": "3",
                  "note": "",
                },
                "onSubmit": [Function],
              },
              "ref": null,
              "rendered": null,
              "type": [Function],
            },
            Object {
              "instance": null,
              "key": undefined,
              "nodeType": "host",
              "props": Object {
                "children": "Remove Expense",
                "className": "button--secondary",
                "onClick": [Function],
              },
              "ref": null,
              "rendered": "Remove Expense",
              "type": "button",
            },
          ],
          "type": "div",
        },
      ],
      "type": "div",
    },
  ],
  Symbol(enzyme.__options__): Object {
    "adapter": ReactSixteenAdapter {
      "options": Object {
        "enableComponentDidUpdateOnSetState": true,
      },
    },
  },
}
`;
